205.169.39.80 - - [25/Aug/2021:12:31:47 +0900] "GET /articles/ HTTP/1.1" 200 1780 "-" "Mozilla/5.0 (Windows NT 10.0; Win64; x64) AppleWebKit/537.36 (KHTML, like Gecko) Chrome/79.0.3945.79 Safari/537.36"
172.30.1.254 - - [25/Aug/2021:12:31:51 +0900] "GET / HTTP/1.1" 302 0 "-" "Mozilla/5.0 (Macintosh; Intel Mac OS X 10_15_7) AppleWebKit/537.36 (KHTML, like Gecko) Chrome/92.0.4515.159 Safari/537.36"
172.30.1.254 - - [25/Aug/2021:12:31:51 +0900] "GET /articles/ HTTP/1.1" 200 1750 "-" "Mozilla/5.0 (Macintosh; Intel Mac OS X 10_15_7) AppleWebKit/537.36 (KHTML, like Gecko) Chrome/92.0.4515.159 Safari/537.36"
172.30.1.254 - - [25/Aug/2021:12:31:51 +0900] "GET /favicon.ico HTTP/1.1" 404 4117 "https://king.m1n9.kro.kr/articles/" "Mozilla/5.0 (Macintosh; Intel Mac OS X 10_15_7) AppleWebKit/537.36 (KHTML, like Gecko) Chrome/92.0.4515.159 Safari/537.36"
172.30.1.254 - - [25/Aug/2021:12:31:56 +0900] "GET /publish/ HTTP/1.1" 200 2381 "https://king.m1n9.kro.kr/articles/" "Mozilla/5.0 (Macintosh; Intel Mac OS X 10_15_7) AppleWebKit/537.36 (KHTML, like Gecko) Chrome/92.0.4515.159 Safari/537.36"
172.30.1.254 - - [25/Aug/2021:12:32:36 +0900] "POST /publish/ HTTP/1.1" 302 0 "https://king.m1n9.kro.kr/publish/" "Mozilla/5.0 (Macintosh; Intel Mac OS X 10_15_7) AppleWebKit/537.36 (KHTML, like Gecko) Chrome/92.0.4515.159 Safari/537.36"
172.30.1.254 - - [25/Aug/2021:12:32:36 +0900] "GET /detail/%EB%98%A5%EC%9D%84-%EB%A8%B9%EA%B3%A0-%EB%B6%88%EC%95%8C%EC%9D%84-%EC%93%B0%EB%8B%A4%EB%93%AC%EC%A7%80-%EB%A7%88%EC%84%B8%EC%9A%94 HTTP/1.1" 301 0 "https://king.m1n9.kro.kr/publish/" "Mozilla/5.0 (Macintosh; Intel Mac OS X 10_15_7) AppleWebKit/537.36 (KHTML, like Gecko) Chrome/92.0.4515.159 Safari/537.36"
172.30.1.254 - - [25/Aug/2021:12:32:36 +0900] "GET /detail/%EB%98%A5%EC%9D%84-%EB%A8%B9%EA%B3%A0-%EB%B6%88%EC%95%8C%EC%9D%84-%EC%93%B0%EB%8B%A4%EB%93%AC%EC%A7%80-%EB%A7%88%EC%84%B8%EC%9A%94/ HTTP/1.1" 200 2410 "https://king.m1n9.kro.kr/publish/" "Mozilla/5.0 (Macintosh; Intel Mac OS X 10_15_7) AppleWebKit/537.36 (KHTML, like Gecko) Chrome/92.0.4515.159 Safari/537.36"
172.30.1.254 - - [25/Aug/2021:12:32:38 +0900] "GET /articles/ HTTP/1.1" 200 2079 "https://king.m1n9.kro.kr/detail/%EB%98%A5%EC%9D%84-%EB%A8%B9%EA%B3%A0-%EB%B6%88%EC%95%8C%EC%9D%84-%EC%93%B0%EB%8B%A4%EB%93%AC%EC%A7%80-%EB%A7%88%EC%84%B8%EC%9A%94/" "Mozilla/5.0 (Macintosh; Intel Mac OS X 10_15_7) AppleWebKit/537.36 (KHTML, like Gecko) Chrome/92.0.4515.159 Safari/537.36"
172.30.1.254 - - [25/Aug/2021:12:32:42 +0900] "GET /publish/ HTTP/1.1" 200 2381 "https://king.m1n9.kro.kr/articles/" "Mozilla/5.0 (Macintosh; Intel Mac OS X 10_15_7) AppleWebKit/537.36 (KHTML, like Gecko) Chrome/92.0.4515.159 Safari/537.36"
210.220.74.6 - - [25/Aug/2021:12:33:06 +0900] "GET / HTTP/1.1" 302 0 "-" "facebookexternalhit/1.1; kakaotalk-scrap/1.0; +https://devtalk.kakao.com/t/scrap/33984"
220.64.104.252 - - [25/Aug/2021:12:33:06 +0900] "GET / HTTP/1.1" 302 0 "-" "facebookexternalhit/1.1; kakaotalk-scrap/1.0; +https://devtalk.kakao.com/t/scrap/33984"
210.220.74.6 - - [25/Aug/2021:12:33:06 +0900] "GET /articles/ HTTP/1.1" 200 2109 "https://king.m1n9.kro.kr/" "facebookexternalhit/1.1; kakaotalk-scrap/1.0; +https://devtalk.kakao.com/t/scrap/33984"
220.64.104.252 - - [25/Aug/2021:12:33:06 +0900] "GET /articles/ HTTP/1.1" 200 2109 "https://king.m1n9.kro.kr/" "facebookexternalhit/1.1; kakaotalk-scrap/1.0; +https://devtalk.kakao.com/t/scrap/33984"
172.30.1.254 - - [25/Aug/2021:12:33:12 +0900] "GET / HTTP/1.1" 302 0 "-" "Mozilla/5.0 (Macintosh; Intel Mac OS X 10_15_7) AppleWebKit/537.36 (KHTML, like Gecko) Chrome/92.0.4515.159 Safari/537.36"
172.30.1.254 - - [25/Aug/2021:12:33:12 +0900] "GET /articles/ HTTP/1.1" 200 2079 "-" "Mozilla/5.0 (Macintosh; Intel Mac OS X 10_15_7) AppleWebKit/537.36 (KHTML, like Gecko) Chrome/92.0.4515.159 Safari/537.36"
172.30.1.254 - - [25/Aug/2021:12:33:16 +0900] "GET /detail/%EB%98%A5%EC%9D%84-%EB%A8%B9%EA%B3%A0-%EB%B6%88%EC%95%8C%EC%9D%84-%EC%93%B0%EB%8B%A4%EB%93%AC%EC%A7%80-%EB%A7%88%EC%84%B8%EC%9A%94/ HTTP/1.1" 200 2410 "https://king.m1n9.kro.kr/articles/" "Mozilla/5.0 (Macintosh; Intel Mac OS X 10_15_7) AppleWebKit/537.36 (KHTML, like Gecko) Chrome/92.0.4515.159 Safari/537.36"
211.217.220.137 - - [25/Aug/2021:12:33:31 +0900] "GET / HTTP/1.1" 302 0 "-" "Mozilla/5.0 (Macintosh; Intel Mac OS X 10_15_7) AppleWebKit/537.36 (KHTML, like Gecko) Chrome/92.0.4515.159 Safari/537.36"
211.217.220.137 - - [25/Aug/2021:12:33:31 +0900] "GET /articles/ HTTP/1.1" 200 2109 "-" "Mozilla/5.0 (Macintosh; Intel Mac OS X 10_15_7) AppleWebKit/537.36 (KHTML, like Gecko) Chrome/92.0.4515.159 Safari/537.36"
211.217.220.137 - - [25/Aug/2021:12:33:31 +0900] "GET /robots.txt HTTP/1.1" 404 4114 "-" "Mozilla/5.0 (Macintosh; Intel Mac OS X 10_15_7) AppleWebKit/537.36 (KHTML, like Gecko) Chrome/92.0.4515.159 Safari/537.36"
211.217.220.137 - - [25/Aug/2021:12:33:31 +0900] "GET /favicon.ico HTTP/1.1" 404 4117 "https://king.m1n9.kro.kr/articles/" "Mozilla/5.0 (Macintosh; Intel Mac OS X 10_15_7) AppleWebKit/537.36 (KHTML, like Gecko) Chrome/92.0.4515.159 Safari/537.36"
211.217.220.137 - - [25/Aug/2021:12:33:31 +0900] "GET /robots.txt HTTP/1.1" 404 4114 "-" "Mozilla/5.0 (Macintosh; Intel Mac OS X 10_15_7) AppleWebKit/537.36 (KHTML, like Gecko) Chrome/92.0.4515.159 Safari/537.36"
211.217.220.137 - - [25/Aug/2021:12:33:47 +0900] "GET / HTTP/1.1" 302 0 "-" "Mozilla/5.0 (Macintosh; Intel Mac OS X 10_15_7) AppleWebKit/537.36 (KHTML, like Gecko) Chrome/92.0.4515.159 Safari/537.36"
211.217.220.137 - - [25/Aug/2021:12:33:47 +0900] "GET /articles/ HTTP/1.1" 200 2108 "-" "Mozilla/5.0 (Macintosh; Intel Mac OS X 10_15_7) AppleWebKit/537.36 (KHTML, like Gecko) Chrome/92.0.4515.159 Safari/537.36"
172.30.1.254 - - [25/Aug/2021:12:39:33 +0900] "GET /ex00/show-imgs/ HTTP/1.1" 200 196 "https://king.m1n9.kro.kr/articles/" "Mozilla/5.0 (Macintosh; Intel Mac OS X 10_15_7) AppleWebKit/537.36 (KHTML, like Gecko) Chrome/92.0.4515.159 Safari/537.36"
172.30.1.254 - - [25/Aug/2021:12:39:33 +0900] "GET /static/images/background.jpeg HTTP/1.1" 304 0 "https://king.m1n9.kro.kr/ex00/show-imgs/" "Mozilla/5.0 (Macintosh; Intel Mac OS X 10_15_7) AppleWebKit/537.36 (KHTML, like Gecko) Chrome/92.0.4515.159 Safari/537.36"
172.30.1.254 - - [25/Aug/2021:12:42:00 +0900] "GET /articles/ HTTP/1.1" 200 2079 "-" "Mozilla/5.0 (Macintosh; Intel Mac OS X 10_15_7) AppleWebKit/537.36 (KHTML, like Gecko) Chrome/92.0.4515.159 Safari/537.36"
172.30.1.254 - - [25/Aug/2021:12:42:08 +0900] "GET / HTTP/1.1" 302 0 "-" "Mozilla/5.0 (Macintosh; Intel Mac OS X 10_15_7) AppleWebKit/537.36 (KHTML, like Gecko) Chrome/92.0.4515.159 Safari/537.36"
172.30.1.254 - - [25/Aug/2021:12:42:08 +0900] "GET /articles/ HTTP/1.1" 200 2109 "-" "Mozilla/5.0 (Macintosh; Intel Mac OS X 10_15_7) AppleWebKit/537.36 (KHTML, like Gecko) Chrome/92.0.4515.159 Safari/537.36"
172.30.1.254 - - [25/Aug/2021:12:42:14 +0900] "GET /detail/%EB%98%A5%EC%9D%84-%EB%A8%B9%EA%B3%A0-%EB%B6%88%EC%95%8C%EC%9D%84-%EC%93%B0%EB%8B%A4%EB%93%AC%EC%A7%80-%EB%A7%88%EC%84%B8%EC%9A%94/ HTTP/1.1" 200 2430 "https://king.m1n9.kro.kr/articles/" "Mozilla/5.0 (Macintosh; Intel Mac OS X 10_15_7) AppleWebKit/537.36 (KHTML, like Gecko) Chrome/92.0.4515.159 Safari/537.36"
172.30.1.254 - - [25/Aug/2021:12:42:17 +0900] "POST /add_favourite/ HTTP/1.1" 302 0 "https://king.m1n9.kro.kr/detail/%EB%98%A5%EC%9D%84-%EB%A8%B9%EA%B3%A0-%EB%B6%88%EC%95%8C%EC%9D%84-%EC%93%B0%EB%8B%A4%EB%93%AC%EC%A7%80-%EB%A7%88%EC%84%B8%EC%9A%94/" "Mozilla/5.0 (Macintosh; Intel Mac OS X 10_15_7) AppleWebKit/537.36 (KHTML, like Gecko) Chrome/92.0.4515.159 Safari/537.36"
172.30.1.254 - - [25/Aug/2021:12:42:17 +0900] "GET /detail/%EB%98%A5%EC%9D%84-%EB%A8%B9%EA%B3%A0-%EB%B6%88%EC%95%8C%EC%9D%84-%EC%93%B0%EB%8B%A4%EB%93%AC%EC%A7%80-%EB%A7%88%EC%84%B8%EC%9A%94 HTTP/1.1" 301 0 "https://king.m1n9.kro.kr/detail/%EB%98%A5%EC%9D%84-%EB%A8%B9%EA%B3%A0-%EB%B6%88%EC%95%8C%EC%9D%84-%EC%93%B0%EB%8B%A4%EB%93%AC%EC%A7%80-%EB%A7%88%EC%84%B8%EC%9A%94/" "Mozilla/5.0 (Macintosh; Intel Mac OS X 10_15_7) AppleWebKit/537.36 (KHTML, like Gecko) Chrome/92.0.4515.159 Safari/537.36"
172.30.1.254 - - [25/Aug/2021:12:42:17 +0900] "GET /detail/%EB%98%A5%EC%9D%84-%EB%A8%B9%EA%B3%A0-%EB%B6%88%EC%95%8C%EC%9D%84-%EC%93%B0%EB%8B%A4%EB%93%AC%EC%A7%80-%EB%A7%88%EC%84%B8%EC%9A%94/ HTTP/1.1" 200 2430 "https://king.m1n9.kro.kr/detail/%EB%98%A5%EC%9D%84-%EB%A8%B9%EA%B3%A0-%EB%B6%88%EC%95%8C%EC%9D%84-%EC%93%B0%EB%8B%A4%EB%93%AC%EC%A7%80-%EB%A7%88%EC%84%B8%EC%9A%94/" "Mozilla/5.0 (Macintosh; Intel Mac OS X 10_15_7) AppleWebKit/537.36 (KHTML, like Gecko) Chrome/92.0.4515.159 Safari/537.36"
172.30.1.254 - - [25/Aug/2021:12:42:18 +0900] "POST /add_favourite/ HTTP/1.1" 302 0 "https://king.m1n9.kro.kr/detail/%EB%98%A5%EC%9D%84-%EB%A8%B9%EA%B3%A0-%EB%B6%88%EC%95%8C%EC%9D%84-%EC%93%B0%EB%8B%A4%EB%93%AC%EC%A7%80-%EB%A7%88%EC%84%B8%EC%9A%94/" "Mozilla/5.0 (Macintosh; Intel Mac OS X 10_15_7) AppleWebKit/537.36 (KHTML, like Gecko) Chrome/92.0.4515.159 Safari/537.36"
172.30.1.254 - - [25/Aug/2021:12:42:18 +0900] "GET /detail/%EB%98%A5%EC%9D%84-%EB%A8%B9%EA%B3%A0-%EB%B6%88%EC%95%8C%EC%9D%84-%EC%93%B0%EB%8B%A4%EB%93%AC%EC%A7%80-%EB%A7%88%EC%84%B8%EC%9A%94 HTTP/1.1" 301 0 "https://king.m1n9.kro.kr/detail/%EB%98%A5%EC%9D%84-%EB%A8%B9%EA%B3%A0-%EB%B6%88%EC%95%8C%EC%9D%84-%EC%93%B0%EB%8B%A4%EB%93%AC%EC%A7%80-%EB%A7%88%EC%84%B8%EC%9A%94/" "Mozilla/5.0 (Macintosh; Intel Mac OS X 10_15_7) AppleWebKit/537.36 (KHTML, like Gecko) Chrome/92.0.4515.159 Safari/537.36"
172.30.1.254 - - [25/Aug/2021:12:42:18 +0900] "GET /detail/%EB%98%A5%EC%9D%84-%EB%A8%B9%EA%B3%A0-%EB%B6%88%EC%95%8C%EC%9D%84-%EC%93%B0%EB%8B%A4%EB%93%AC%EC%A7%80-%EB%A7%88%EC%84%B8%EC%9A%94/ HTTP/1.1" 200 2430 "https://king.m1n9.kro.kr/detail/%EB%98%A5%EC%9D%84-%EB%A8%B9%EA%B3%A0-%EB%B6%88%EC%95%8C%EC%9D%84-%EC%93%B0%EB%8B%A4%EB%93%AC%EC%A7%80-%EB%A7%88%EC%84%B8%EC%9A%94/" "Mozilla/5.0 (Macintosh; Intel Mac OS X 10_15_7) AppleWebKit/537.36 (KHTML, like Gecko) Chrome/92.0.4515.159 Safari/537.36"
172.30.1.254 - - [25/Aug/2021:12:42:18 +0900] "POST /add_favourite/ HTTP/1.1" 302 0 "https://king.m1n9.kro.kr/detail/%EB%98%A5%EC%9D%84-%EB%A8%B9%EA%B3%A0-%EB%B6%88%EC%95%8C%EC%9D%84-%EC%93%B0%EB%8B%A4%EB%93%AC%EC%A7%80-%EB%A7%88%EC%84%B8%EC%9A%94/" "Mozilla/5.0 (Macintosh; Intel Mac OS X 10_15_7) AppleWebKit/537.36 (KHTML, like Gecko) Chrome/92.0.4515.159 Safari/537.36"
172.30.1.254 - - [25/Aug/2021:12:42:18 +0900] "GET /detail/%EB%98%A5%EC%9D%84-%EB%A8%B9%EA%B3%A0-%EB%B6%88%EC%95%8C%EC%9D%84-%EC%93%B0%EB%8B%A4%EB%93%AC%EC%A7%80-%EB%A7%88%EC%84%B8%EC%9A%94 HTTP/1.1" 301 0 "https://king.m1n9.kro.kr/detail/%EB%98%A5%EC%9D%84-%EB%A8%B9%EA%B3%A0-%EB%B6%88%EC%95%8C%EC%9D%84-%EC%93%B0%EB%8B%A4%EB%93%AC%EC%A7%80-%EB%A7%88%EC%84%B8%EC%9A%94/" "Mozilla/5.0 (Macintosh; Intel Mac OS X 10_15_7) AppleWebKit/537.36 (KHTML, like Gecko) Chrome/92.0.4515.159 Safari/537.36"
172.30.1.254 - - [25/Aug/2021:12:42:18 +0900] "GET /detail/%EB%98%A5%EC%9D%84-%EB%A8%B9%EA%B3%A0-%EB%B6%88%EC%95%8C%EC%9D%84-%EC%93%B0%EB%8B%A4%EB%93%AC%EC%A7%80-%EB%A7%88%EC%84%B8%EC%9A%94/ HTTP/1.1" 200 2430 "https://king.m1n9.kro.kr/detail/%EB%98%A5%EC%9D%84-%EB%A8%B9%EA%B3%A0-%EB%B6%88%EC%95%8C%EC%9D%84-%EC%93%B0%EB%8B%A4%EB%93%AC%EC%A7%80-%EB%A7%88%EC%84%B8%EC%9A%94/" "Mozilla/5.0 (Macintosh; Intel Mac OS X 10_15_7) AppleWebKit/537.36 (KHTML, like Gecko) Chrome/92.0.4515.159 Safari/537.36"
172.30.1.254 - - [25/Aug/2021:12:42:25 +0900] "GET /publish/ HTTP/1.1" 200 2381 "https://king.m1n9.kro.kr/articles/" "Mozilla/5.0 (Macintosh; Intel Mac OS X 10_15_7) AppleWebKit/537.36 (KHTML, like Gecko) Chrome/92.0.4515.159 Safari/537.36"
172.30.1.254 - - [25/Aug/2021:12:42:29 +0900] "GET / HTTP/1.1" 302 0 "-" "Mozilla/5.0 (Macintosh; Intel Mac OS X 10_15_7) AppleWebKit/537.36 (KHTML, like Gecko) Chrome/92.0.4515.159 Safari/537.36"
172.30.1.254 - - [25/Aug/2021:12:42:29 +0900] "GET /articles/ HTTP/1.1" 200 2079 "-" "Mozilla/5.0 (Macintosh; Intel Mac OS X 10_15_7) AppleWebKit/537.36 (KHTML, like Gecko) Chrome/92.0.4515.159 Safari/537.36"
172.30.1.254 - - [25/Aug/2021:23:41:39 +0900] "GET / HTTP/1.1" 302 0 "-" "Mozilla/5.0 (Macintosh; Intel Mac OS X 10_15_7) AppleWebKit/537.36 (KHTML, like Gecko) Chrome/92.0.4515.159 Safari/537.36"
172.30.1.254 - - [25/Aug/2021:23:41:39 +0900] "GET /articles/ HTTP/1.1" 200 2090 "-" "Mozilla/5.0 (Macintosh; Intel Mac OS X 10_15_7) AppleWebKit/537.36 (KHTML, like Gecko) Chrome/92.0.4515.159 Safari/537.36"
172.30.1.254 - - [25/Aug/2021:23:41:40 +0900] "GET /favicon.ico HTTP/1.1" 404 4117 "https://king.m1n9.kro.kr/articles/" "Mozilla/5.0 (Macintosh; Intel Mac OS X 10_15_7) AppleWebKit/537.36 (KHTML, like Gecko) Chrome/92.0.4515.159 Safari/537.36"
172.30.1.254 - - [25/Aug/2021:23:42:15 +0900] "GET /articles/ HTTP/1.1" 200 1750 "-" "Mozilla/5.0 (Macintosh; Intel Mac OS X 10_15_7) AppleWebKit/537.36 (KHTML, like Gecko) Chrome/92.0.4515.159 Safari/537.36"
172.30.1.254 - - [25/Aug/2021:23:42:19 +0900] "GET /publish/ HTTP/1.1" 200 2381 "https://king.m1n9.kro.kr/articles/" "Mozilla/5.0 (Macintosh; Intel Mac OS X 10_15_7) AppleWebKit/537.36 (KHTML, like Gecko) Chrome/92.0.4515.159 Safari/537.36"
172.30.1.254 - - [25/Aug/2021:23:42:51 +0900] "POST /publish/ HTTP/1.1" 302 0 "https://king.m1n9.kro.kr/publish/" "Mozilla/5.0 (Macintosh; Intel Mac OS X 10_15_7) AppleWebKit/537.36 (KHTML, like Gecko) Chrome/92.0.4515.159 Safari/537.36"
172.30.1.254 - - [25/Aug/2021:23:42:51 +0900] "GET /detail/%EB%AF%BC%EC%A3%BC%EC%95%BC HTTP/1.1" 301 0 "https://king.m1n9.kro.kr/publish/" "Mozilla/5.0 (Macintosh; Intel Mac OS X 10_15_7) AppleWebKit/537.36 (KHTML, like Gecko) Chrome/92.0.4515.159 Safari/537.36"
172.30.1.254 - - [25/Aug/2021:23:42:51 +0900] "GET /detail/%EB%AF%BC%EC%A3%BC%EC%95%BC/ HTTP/1.1" 200 2339 "https://king.m1n9.kro.kr/publish/" "Mozilla/5.0 (Macintosh; Intel Mac OS X 10_15_7) AppleWebKit/537.36 (KHTML, like Gecko) Chrome/92.0.4515.159 Safari/537.36"
172.30.1.254 - - [25/Aug/2021:23:42:54 +0900] "GET /articles/ HTTP/1.1" 200 1942 "https://king.m1n9.kro.kr/detail/%EB%AF%BC%EC%A3%BC%EC%95%BC/" "Mozilla/5.0 (Macintosh; Intel Mac OS X 10_15_7) AppleWebKit/537.36 (KHTML, like Gecko) Chrome/92.0.4515.159 Safari/537.36"
210.220.70.255 - - [25/Aug/2021:23:43:06 +0900] "GET / HTTP/1.1" 302 0 "-" "facebookexternalhit/1.1; kakaotalk-scrap/1.0; +https://devtalk.kakao.com/t/scrap/33984"
210.220.70.255 - - [25/Aug/2021:23:43:06 +0900] "GET /articles/ HTTP/1.1" 200 1972 "https://king.m1n9.kro.kr/" "facebookexternalhit/1.1; kakaotalk-scrap/1.0; +https://devtalk.kakao.com/t/scrap/33984"
172.30.1.254 - - [25/Aug/2021:23:43:15 +0900] "GET / HTTP/1.1" 302 0 "-" "Mozilla/5.0 (Macintosh; Intel Mac OS X 10_15_7) AppleWebKit/537.36 (KHTML, like Gecko) Chrome/92.0.4515.159 Safari/537.36"
172.30.1.254 - - [25/Aug/2021:23:43:15 +0900] "GET /articles/ HTTP/1.1" 200 1942 "-" "Mozilla/5.0 (Macintosh; Intel Mac OS X 10_15_7) AppleWebKit/537.36 (KHTML, like Gecko) Chrome/92.0.4515.159 Safari/537.36"
172.30.1.254 - - [25/Aug/2021:23:43:25 +0900] "GET /detail/%EB%AF%BC%EC%A3%BC%EC%95%BC/ HTTP/1.1" 200 2339 "https://king.m1n9.kro.kr/articles/" "Mozilla/5.0 (Macintosh; Intel Mac OS X 10_15_7) AppleWebKit/537.36 (KHTML, like Gecko) Chrome/92.0.4515.159 Safari/537.36"
172.30.1.254 - - [25/Aug/2021:23:44:07 +0900] "GET /articles/ HTTP/1.1" 200 1941 "https://king.m1n9.kro.kr/detail/%EB%AF%BC%EC%A3%BC%EC%95%BC/" "Mozilla/5.0 (Macintosh; Intel Mac OS X 10_15_7) AppleWebKit/537.36 (KHTML, like Gecko) Chrome/92.0.4515.159 Safari/537.36"
172.30.1.254 - - [25/Aug/2021:23:44:11 +0900] "GET /logout/ HTTP/1.1" 302 0 "https://king.m1n9.kro.kr/articles/" "Mozilla/5.0 (Macintosh; Intel Mac OS X 10_15_7) AppleWebKit/537.36 (KHTML, like Gecko) Chrome/92.0.4515.159 Safari/537.36"
172.30.1.254 - - [25/Aug/2021:23:44:11 +0900] "GET / HTTP/1.1" 302 0 "https://king.m1n9.kro.kr/articles/" "Mozilla/5.0 (Macintosh; Intel Mac OS X 10_15_7) AppleWebKit/537.36 (KHTML, like Gecko) Chrome/92.0.4515.159 Safari/537.36"
172.30.1.254 - - [25/Aug/2021:23:44:11 +0900] "GET /articles/ HTTP/1.1" 200 1971 "https://king.m1n9.kro.kr/articles/" "Mozilla/5.0 (Macintosh; Intel Mac OS X 10_15_7) AppleWebKit/537.36 (KHTML, like Gecko) Chrome/92.0.4515.159 Safari/537.36"
172.30.1.254 - - [25/Aug/2021:23:44:12 +0900] "GET /articles/ HTTP/1.1" 200 1971 "https://king.m1n9.kro.kr/articles/" "Mozilla/5.0 (Macintosh; Intel Mac OS X 10_15_7) AppleWebKit/537.36 (KHTML, like Gecko) Chrome/92.0.4515.159 Safari/537.36"
172.30.1.254 - - [25/Aug/2021:23:44:13 +0900] "GET /register/ HTTP/1.1" 200 3180 "https://king.m1n9.kro.kr/articles/" "Mozilla/5.0 (Macintosh; Intel Mac OS X 10_15_7) AppleWebKit/537.36 (KHTML, like Gecko) Chrome/92.0.4515.159 Safari/537.36"
172.30.1.254 - - [25/Aug/2021:23:44:28 +0900] "POST /register/ HTTP/1.1" 302 0 "https://king.m1n9.kro.kr/register/" "Mozilla/5.0 (Macintosh; Intel Mac OS X 10_15_7) AppleWebKit/537.36 (KHTML, like Gecko) Chrome/92.0.4515.159 Safari/537.36"
172.30.1.254 - - [25/Aug/2021:23:44:28 +0900] "GET / HTTP/1.1" 302 0 "https://king.m1n9.kro.kr/register/" "Mozilla/5.0 (Macintosh; Intel Mac OS X 10_15_7) AppleWebKit/537.36 (KHTML, like Gecko) Chrome/92.0.4515.159 Safari/537.36"
172.30.1.254 - - [25/Aug/2021:23:44:28 +0900] "GET /articles/ HTTP/1.1" 200 1971 "https://king.m1n9.kro.kr/register/" "Mozilla/5.0 (Macintosh; Intel Mac OS X 10_15_7) AppleWebKit/537.36 (KHTML, like Gecko) Chrome/92.0.4515.159 Safari/537.36"
172.30.1.254 - - [25/Aug/2021:23:44:38 +0900] "POST /login/ HTTP/1.1" 200 2001 "https://king.m1n9.kro.kr/articles/" "Mozilla/5.0 (Macintosh; Intel Mac OS X 10_15_7) AppleWebKit/537.36 (KHTML, like Gecko) Chrome/92.0.4515.159 Safari/537.36"
172.30.1.254 - - [25/Aug/2021:23:44:51 +0900] "POST /login/ HTTP/1.1" 200 2001 "https://king.m1n9.kro.kr/login/" "Mozilla/5.0 (Macintosh; Intel Mac OS X 10_15_7) AppleWebKit/537.36 (KHTML, like Gecko) Chrome/92.0.4515.159 Safari/537.36"
211.36.136.250 - - [25/Aug/2021:23:45:35 +0900] "GET / HTTP/1.1" 302 0 "-" "Mozilla/5.0 (iPhone; CPU iPhone OS 14_7_1 like Mac OS X) AppleWebKit/605.1.15 (KHTML, like Gecko) Mobile/15E148 KAKAOTALK 9.4.6"
211.36.136.250 - - [25/Aug/2021:23:45:36 +0900] "GET /articles/ HTTP/1.1" 200 1972 "-" "Mozilla/5.0 (iPhone; CPU iPhone OS 14_7_1 like Mac OS X) AppleWebKit/605.1.15 (KHTML, like Gecko) Mobile/15E148 KAKAOTALK 9.4.6"
172.30.1.254 - - [25/Aug/2021:23:45:37 +0900] "GET /register/ HTTP/1.1" 200 3180 "https://king.m1n9.kro.kr/login/" "Mozilla/5.0 (Macintosh; Intel Mac OS X 10_15_7) AppleWebKit/537.36 (KHTML, like Gecko) Chrome/92.0.4515.159 Safari/537.36"
211.36.136.250 - - [25/Aug/2021:23:45:48 +0900] "GET /detail/%EB%AF%BC%EC%A3%BC%EC%95%BC/ HTTP/1.1" 200 2359 "https://king.m1n9.kro.kr/articles/" "Mozilla/5.0 (iPhone; CPU iPhone OS 14_7_1 like Mac OS X) AppleWebKit/605.1.15 (KHTML, like Gecko) Mobile/15E148 KAKAOTALK 9.4.6"
172.30.1.254 - - [25/Aug/2021:23:45:52 +0900] "POST /register/ HTTP/1.1" 302 0 "https://king.m1n9.kro.kr/register/" "Mozilla/5.0 (Macintosh; Intel Mac OS X 10_15_7) AppleWebKit/537.36 (KHTML, like Gecko) Chrome/92.0.4515.159 Safari/537.36"
172.30.1.254 - - [25/Aug/2021:23:45:52 +0900] "GET / HTTP/1.1" 302 0 "https://king.m1n9.kro.kr/register/" "Mozilla/5.0 (Macintosh; Intel Mac OS X 10_15_7) AppleWebKit/537.36 (KHTML, like Gecko) Chrome/92.0.4515.159 Safari/537.36"
172.30.1.254 - - [25/Aug/2021:23:45:52 +0900] "GET /articles/ HTTP/1.1" 200 1972 "https://king.m1n9.kro.kr/register/" "Mozilla/5.0 (Macintosh; Intel Mac OS X 10_15_7) AppleWebKit/537.36 (KHTML, like Gecko) Chrome/92.0.4515.159 Safari/537.36"
211.36.136.250 - - [25/Aug/2021:23:45:56 +0900] "POST /add_favourite/ HTTP/1.1" 302 0 "https://king.m1n9.kro.kr/detail/%EB%AF%BC%EC%A3%BC%EC%95%BC/" "Mozilla/5.0 (iPhone; CPU iPhone OS 14_7_1 like Mac OS X) AppleWebKit/605.1.15 (KHTML, like Gecko) Mobile/15E148 KAKAOTALK 9.4.6"
211.36.136.250 - - [25/Aug/2021:23:45:56 +0900] "GET /detail/%EB%AF%BC%EC%A3%BC%EC%95%BC HTTP/1.1" 301 0 "https://king.m1n9.kro.kr/detail/%EB%AF%BC%EC%A3%BC%EC%95%BC/" "Mozilla/5.0 (iPhone; CPU iPhone OS 14_7_1 like Mac OS X) AppleWebKit/605.1.15 (KHTML, like Gecko) Mobile/15E148 KAKAOTALK 9.4.6"
211.36.136.250 - - [25/Aug/2021:23:45:56 +0900] "GET /detail/%EB%AF%BC%EC%A3%BC%EC%95%BC/ HTTP/1.1" 200 2359 "https://king.m1n9.kro.kr/detail/%EB%AF%BC%EC%A3%BC%EC%95%BC/" "Mozilla/5.0 (iPhone; CPU iPhone OS 14_7_1 like Mac OS X) AppleWebKit/605.1.15 (KHTML, like Gecko) Mobile/15E148 KAKAOTALK 9.4.6"
211.36.136.250 - - [25/Aug/2021:23:45:58 +0900] "POST /add_favourite/ HTTP/1.1" 302 0 "https://king.m1n9.kro.kr/detail/%EB%AF%BC%EC%A3%BC%EC%95%BC/" "Mozilla/5.0 (iPhone; CPU iPhone OS 14_7_1 like Mac OS X) AppleWebKit/605.1.15 (KHTML, like Gecko) Mobile/15E148 KAKAOTALK 9.4.6"
211.36.136.250 - - [25/Aug/2021:23:45:58 +0900] "GET /detail/%EB%AF%BC%EC%A3%BC%EC%95%BC HTTP/1.1" 301 0 "https://king.m1n9.kro.kr/detail/%EB%AF%BC%EC%A3%BC%EC%95%BC/" "Mozilla/5.0 (iPhone; CPU iPhone OS 14_7_1 like Mac OS X) AppleWebKit/605.1.15 (KHTML, like Gecko) Mobile/15E148 KAKAOTALK 9.4.6"
211.36.136.250 - - [25/Aug/2021:23:45:58 +0900] "GET /detail/%EB%AF%BC%EC%A3%BC%EC%95%BC/ HTTP/1.1" 200 2359 "https://king.m1n9.kro.kr/detail/%EB%AF%BC%EC%A3%BC%EC%95%BC/" "Mozilla/5.0 (iPhone; CPU iPhone OS 14_7_1 like Mac OS X) AppleWebKit/605.1.15 (KHTML, like Gecko) Mobile/15E148 KAKAOTALK 9.4.6"
211.36.136.250 - - [25/Aug/2021:23:46:00 +0900] "POST /add_favourite/ HTTP/1.1" 302 0 "https://king.m1n9.kro.kr/detail/%EB%AF%BC%EC%A3%BC%EC%95%BC/" "Mozilla/5.0 (iPhone; CPU iPhone OS 14_7_1 like Mac OS X) AppleWebKit/605.1.15 (KHTML, like Gecko) Mobile/15E148 KAKAOTALK 9.4.6"
211.36.136.250 - - [25/Aug/2021:23:46:00 +0900] "GET /detail/%EB%AF%BC%EC%A3%BC%EC%95%BC HTTP/1.1" 301 0 "https://king.m1n9.kro.kr/detail/%EB%AF%BC%EC%A3%BC%EC%95%BC/" "Mozilla/5.0 (iPhone; CPU iPhone OS 14_7_1 like Mac OS X) AppleWebKit/605.1.15 (KHTML, like Gecko) Mobile/15E148 KAKAOTALK 9.4.6"
211.36.136.250 - - [25/Aug/2021:23:46:01 +0900] "GET /detail/%EB%AF%BC%EC%A3%BC%EC%95%BC/ HTTP/1.1" 200 2359 "https://king.m1n9.kro.kr/detail/%EB%AF%BC%EC%A3%BC%EC%95%BC/" "Mozilla/5.0 (iPhone; CPU iPhone OS 14_7_1 like Mac OS X) AppleWebKit/605.1.15 (KHTML, like Gecko) Mobile/15E148 KAKAOTALK 9.4.6"
172.30.1.254 - - [25/Aug/2021:23:46:10 +0900] "POST /login/ HTTP/1.1" 200 1998 "https://king.m1n9.kro.kr/articles/" "Mozilla/5.0 (Macintosh; Intel Mac OS X 10_15_7) AppleWebKit/537.36 (KHTML, like Gecko) Chrome/92.0.4515.159 Safari/537.36"
172.30.1.254 - - [25/Aug/2021:23:46:12 +0900] "GET /register/ HTTP/1.1" 200 3180 "https://king.m1n9.kro.kr/login/" "Mozilla/5.0 (Macintosh; Intel Mac OS X 10_15_7) AppleWebKit/537.36 (KHTML, like Gecko) Chrome/92.0.4515.159 Safari/537.36"
172.30.1.254 - - [25/Aug/2021:23:46:19 +0900] "POST /register/ HTTP/1.1" 200 3337 "https://king.m1n9.kro.kr/register/" "Mozilla/5.0 (Macintosh; Intel Mac OS X 10_15_7) AppleWebKit/537.36 (KHTML, like Gecko) Chrome/92.0.4515.159 Safari/537.36"
172.30.1.254 - - [25/Aug/2021:23:46:35 +0900] "POST /register/ HTTP/1.1" 302 0 "https://king.m1n9.kro.kr/register/" "Mozilla/5.0 (Macintosh; Intel Mac OS X 10_15_7) AppleWebKit/537.36 (KHTML, like Gecko) Chrome/92.0.4515.159 Safari/537.36"
172.30.1.254 - - [25/Aug/2021:23:46:35 +0900] "GET / HTTP/1.1" 302 0 "https://king.m1n9.kro.kr/register/" "Mozilla/5.0 (Macintosh; Intel Mac OS X 10_15_7) AppleWebKit/537.36 (KHTML, like Gecko) Chrome/92.0.4515.159 Safari/537.36"
172.30.1.254 - - [25/Aug/2021:23:46:35 +0900] "GET /articles/ HTTP/1.1" 200 1972 "https://king.m1n9.kro.kr/register/" "Mozilla/5.0 (Macintosh; Intel Mac OS X 10_15_7) AppleWebKit/537.36 (KHTML, like Gecko) Chrome/92.0.4515.159 Safari/537.36"
172.30.1.254 - - [25/Aug/2021:23:46:40 +0900] "POST /login/ HTTP/1.1" 302 0 "https://king.m1n9.kro.kr/articles/" "Mozilla/5.0 (Macintosh; Intel Mac OS X 10_15_7) AppleWebKit/537.36 (KHTML, like Gecko) Chrome/92.0.4515.159 Safari/537.36"
172.30.1.254 - - [25/Aug/2021:23:46:40 +0900] "GET / HTTP/1.1" 302 0 "https://king.m1n9.kro.kr/articles/" "Mozilla/5.0 (Macintosh; Intel Mac OS X 10_15_7) AppleWebKit/537.36 (KHTML, like Gecko) Chrome/92.0.4515.159 Safari/537.36"
172.30.1.254 - - [25/Aug/2021:23:46:40 +0900] "GET /articles/ HTTP/1.1" 200 1940 "https://king.m1n9.kro.kr/articles/" "Mozilla/5.0 (Macintosh; Intel Mac OS X 10_15_7) AppleWebKit/537.36 (KHTML, like Gecko) Chrome/92.0.4515.159 Safari/537.36"
172.30.1.254 - - [25/Aug/2021:23:46:43 +0900] "GET /publish/ HTTP/1.1" 200 2379 "https://king.m1n9.kro.kr/articles/" "Mozilla/5.0 (Macintosh; Intel Mac OS X 10_15_7) AppleWebKit/537.36 (KHTML, like Gecko) Chrome/92.0.4515.159 Safari/537.36"
172.30.1.254 - - [25/Aug/2021:23:47:12 +0900] "POST /publish/ HTTP/1.1" 302 0 "https://king.m1n9.kro.kr/publish/" "Mozilla/5.0 (Macintosh; Intel Mac OS X 10_15_7) AppleWebKit/537.36 (KHTML, like Gecko) Chrome/92.0.4515.159 Safari/537.36"
172.30.1.254 - - [25/Aug/2021:23:47:12 +0900] "GET /detail/%EB%AF%BC%EC%A3%BC%EC%95%BC HTTP/1.1" 301 0 "https://king.m1n9.kro.kr/publish/" "Mozilla/5.0 (Macintosh; Intel Mac OS X 10_15_7) AppleWebKit/537.36 (KHTML, like Gecko) Chrome/92.0.4515.159 Safari/537.36"
172.30.1.254 - - [25/Aug/2021:23:47:12 +0900] "GET /detail/%EB%AF%BC%EC%A3%BC%EC%95%BC/ HTTP/1.1" 500 76736 "https://king.m1n9.kro.kr/publish/" "Mozilla/5.0 (Macintosh; Intel Mac OS X 10_15_7) AppleWebKit/537.36 (KHTML, like Gecko) Chrome/92.0.4515.159 Safari/537.36"
172.30.1.254 - - [25/Aug/2021:23:47:15 +0900] "GET /publish/ HTTP/1.1" 200 2379 "https://king.m1n9.kro.kr/articles/" "Mozilla/5.0 (Macintosh; Intel Mac OS X 10_15_7) AppleWebKit/537.36 (KHTML, like Gecko) Chrome/92.0.4515.159 Safari/537.36"
172.30.1.254 - - [25/Aug/2021:23:47:20 +0900] "POST /publish/ HTTP/1.1" 302 0 "https://king.m1n9.kro.kr/publish/" "Mozilla/5.0 (Macintosh; Intel Mac OS X 10_15_7) AppleWebKit/537.36 (KHTML, like Gecko) Chrome/92.0.4515.159 Safari/537.36"
172.30.1.254 - - [25/Aug/2021:23:47:20 +0900] "GET /detail/%EB%AF%BC%EC%A3%BC HTTP/1.1" 301 0 "https://king.m1n9.kro.kr/publish/" "Mozilla/5.0 (Macintosh; Intel Mac OS X 10_15_7) AppleWebKit/537.36 (KHTML, like Gecko) Chrome/92.0.4515.159 Safari/537.36"
172.30.1.254 - - [25/Aug/2021:23:47:20 +0900] "GET /detail/%EB%AF%BC%EC%A3%BC/ HTTP/1.1" 200 2343 "https://king.m1n9.kro.kr/publish/" "Mozilla/5.0 (Macintosh; Intel Mac OS X 10_15_7) AppleWebKit/537.36 (KHTML, like Gecko) Chrome/92.0.4515.159 Safari/537.36"
172.30.1.254 - - [25/Aug/2021:23:47:23 +0900] "GET /articles/ HTTP/1.1" 200 2394 "https://king.m1n9.kro.kr/detail/%EB%AF%BC%EC%A3%BC/" "Mozilla/5.0 (Macintosh; Intel Mac OS X 10_15_7) AppleWebKit/537.36 (KHTML, like Gecko) Chrome/92.0.4515.159 Safari/537.36"
172.30.1.254 - - [25/Aug/2021:23:47:26 +0900] "GET /detail/%EB%AF%BC%EC%A3%BC%EC%95%BC/ HTTP/1.1" 500 76600 "https://king.m1n9.kro.kr/articles/" "Mozilla/5.0 (Macintosh; Intel Mac OS X 10_15_7) AppleWebKit/537.36 (KHTML, like Gecko) Chrome/92.0.4515.159 Safari/537.36"
172.30.1.254 - - [25/Aug/2021:23:48:01 +0900] "GET /articles/ HTTP/1.1" 200 2159 "https://king.m1n9.kro.kr/detail/%EB%AF%BC%EC%A3%BC/" "Mozilla/5.0 (Macintosh; Intel Mac OS X 10_15_7) AppleWebKit/537.36 (KHTML, like Gecko) Chrome/92.0.4515.159 Safari/537.36"
172.30.1.254 - - [25/Aug/2021:23:48:01 +0900] "GET /favicon.ico HTTP/1.1" 404 4117 "https://king.m1n9.kro.kr/articles/" "Mozilla/5.0 (Macintosh; Intel Mac OS X 10_15_7) AppleWebKit/537.36 (KHTML, like Gecko) Chrome/92.0.4515.159 Safari/537.36"
172.30.1.254 - - [25/Aug/2021:23:48:04 +0900] "GET /detail/%EB%AF%BC%EC%A3%BC%EC%95%BC/ HTTP/1.1" 200 2337 "https://king.m1n9.kro.kr/articles/" "Mozilla/5.0 (Macintosh; Intel Mac OS X 10_15_7) AppleWebKit/537.36 (KHTML, like Gecko) Chrome/92.0.4515.159 Safari/537.36"
172.30.1.254 - - [25/Aug/2021:23:49:10 +0900] "GET /articles/ HTTP/1.1" 200 2158 "https://king.m1n9.kro.kr/detail/%EB%AF%BC%EC%A3%BC/" "Mozilla/5.0 (Macintosh; Intel Mac OS X 10_15_7) AppleWebKit/537.36 (KHTML, like Gecko) Chrome/92.0.4515.159 Safari/537.36"
172.30.1.254 - - [25/Aug/2021:23:49:10 +0900] "GET /favicon.ico HTTP/1.1" 404 4117 "https://king.m1n9.kro.kr/articles/" "Mozilla/5.0 (Macintosh; Intel Mac OS X 10_15_7) AppleWebKit/537.36 (KHTML, like Gecko) Chrome/92.0.4515.159 Safari/537.36"
172.30.1.254 - - [25/Aug/2021:23:49:11 +0900] "GET /articles/ HTTP/1.1" 200 2158 "https://king.m1n9.kro.kr/detail/%EB%AF%BC%EC%A3%BC/" "Mozilla/5.0 (Macintosh; Intel Mac OS X 10_15_7) AppleWebKit/537.36 (KHTML, like Gecko) Chrome/92.0.4515.159 Safari/537.36"
172.30.1.254 - - [25/Aug/2021:23:49:11 +0900] "GET /articles/ HTTP/1.1" 200 2158 "https://king.m1n9.kro.kr/detail/%EB%AF%BC%EC%A3%BC/" "Mozilla/5.0 (Macintosh; Intel Mac OS X 10_15_7) AppleWebKit/537.36 (KHTML, like Gecko) Chrome/92.0.4515.159 Safari/537.36"
172.30.1.254 - - [25/Aug/2021:23:49:12 +0900] "GET /articles/ HTTP/1.1" 200 2158 "https://king.m1n9.kro.kr/detail/%EB%AF%BC%EC%A3%BC/" "Mozilla/5.0 (Macintosh; Intel Mac OS X 10_15_7) AppleWebKit/537.36 (KHTML, like Gecko) Chrome/92.0.4515.159 Safari/537.36"
172.30.1.254 - - [25/Aug/2021:23:49:14 +0900] "GET /ex00/add-img/ HTTP/1.1" 200 759 "https://king.m1n9.kro.kr/articles/" "Mozilla/5.0 (Macintosh; Intel Mac OS X 10_15_7) AppleWebKit/537.36 (KHTML, like Gecko) Chrome/92.0.4515.159 Safari/537.36"
172.30.1.254 - - [25/Aug/2021:23:49:14 +0900] "GET /static/images/background.jpeg HTTP/1.1" 304 0 "https://king.m1n9.kro.kr/ex00/add-img/" "Mozilla/5.0 (Macintosh; Intel Mac OS X 10_15_7) AppleWebKit/537.36 (KHTML, like Gecko) Chrome/92.0.4515.159 Safari/537.36"
172.30.1.254 - - [25/Aug/2021:23:49:18 +0900] "GET /ex00/show-imgs/ HTTP/1.1" 200 196 "https://king.m1n9.kro.kr/articles/" "Mozilla/5.0 (Macintosh; Intel Mac OS X 10_15_7) AppleWebKit/537.36 (KHTML, like Gecko) Chrome/92.0.4515.159 Safari/537.36"
211.36.136.250 - - [25/Aug/2021:23:49:22 +0900] "GET / HTTP/1.1" 302 0 "-" "Mozilla/5.0 (iPhone; CPU iPhone OS 14_7_1 like Mac OS X) AppleWebKit/605.1.15 (KHTML, like Gecko) Mobile/15E148 KAKAOTALK 9.4.6"
211.36.136.250 - - [25/Aug/2021:23:49:22 +0900] "GET /articles/ HTTP/1.1" 200 2191 "-" "Mozilla/5.0 (iPhone; CPU iPhone OS 14_7_1 like Mac OS X) AppleWebKit/605.1.15 (KHTML, like Gecko) Mobile/15E148 KAKAOTALK 9.4.6"
211.36.136.250 - - [25/Aug/2021:23:49:26 +0900] "GET /detail/%EB%AF%BC%EC%A3%BC/ HTTP/1.1" 200 2365 "https://king.m1n9.kro.kr/articles/" "Mozilla/5.0 (iPhone; CPU iPhone OS 14_7_1 like Mac OS X) AppleWebKit/605.1.15 (KHTML, like Gecko) Mobile/15E148 KAKAOTALK 9.4.6"
211.36.136.250 - - [25/Aug/2021:23:49:34 +0900] "GET / HTTP/1.1" 302 0 "-" "Mozilla/5.0 (iPhone; CPU iPhone OS 14_7_1 like Mac OS X) AppleWebKit/605.1.15 (KHTML, like Gecko) Mobile/15E148 KAKAOTALK 9.4.6"
211.36.136.250 - - [25/Aug/2021:23:49:34 +0900] "GET /articles/ HTTP/1.1" 200 2191 "-" "Mozilla/5.0 (iPhone; CPU iPhone OS 14_7_1 like Mac OS X) AppleWebKit/605.1.15 (KHTML, like Gecko) Mobile/15E148 KAKAOTALK 9.4.6"
211.36.136.250 - - [25/Aug/2021:23:49:42 +0900] "GET /detail/%EB%AF%BC%EC%A3%BC/ HTTP/1.1" 200 2365 "https://king.m1n9.kro.kr/articles/" "Mozilla/5.0 (iPhone; CPU iPhone OS 14_7_1 like Mac OS X) AppleWebKit/605.1.15 (KHTML, like Gecko) Mobile/15E148 KAKAOTALK 9.4.6"
211.36.136.250 - - [25/Aug/2021:23:49:44 +0900] "POST /add_favourite/ HTTP/1.1" 302 0 "https://king.m1n9.kro.kr/detail/%EB%AF%BC%EC%A3%BC/" "Mozilla/5.0 (iPhone; CPU iPhone OS 14_7_1 like Mac OS X) AppleWebKit/605.1.15 (KHTML, like Gecko) Mobile/15E148 KAKAOTALK 9.4.6"
211.36.136.250 - - [25/Aug/2021:23:49:44 +0900] "GET /detail/%EB%AF%BC%EC%A3%BC HTTP/1.1" 301 0 "https://king.m1n9.kro.kr/detail/%EB%AF%BC%EC%A3%BC/" "Mozilla/5.0 (iPhone; CPU iPhone OS 14_7_1 like Mac OS X) AppleWebKit/605.1.15 (KHTML, like Gecko) Mobile/15E148 KAKAOTALK 9.4.6"
211.36.136.250 - - [25/Aug/2021:23:49:45 +0900] "GET /detail/%EB%AF%BC%EC%A3%BC/ HTTP/1.1" 200 2365 "https://king.m1n9.kro.kr/detail/%EB%AF%BC%EC%A3%BC/" "Mozilla/5.0 (iPhone; CPU iPhone OS 14_7_1 like Mac OS X) AppleWebKit/605.1.15 (KHTML, like Gecko) Mobile/15E148 KAKAOTALK 9.4.6"
211.36.136.250 - - [25/Aug/2021:23:49:53 +0900] "GET / HTTP/1.1" 302 0 "-" "Mozilla/5.0 (iPhone; CPU iPhone OS 14_7_1 like Mac OS X) AppleWebKit/605.1.15 (KHTML, like Gecko) Mobile/15E148 KAKAOTALK 9.4.6"
211.36.136.250 - - [25/Aug/2021:23:49:53 +0900] "GET /articles/ HTTP/1.1" 200 2191 "-" "Mozilla/5.0 (iPhone; CPU iPhone OS 14_7_1 like Mac OS X) AppleWebKit/605.1.15 (KHTML, like Gecko) Mobile/15E148 KAKAOTALK 9.4.6"
211.36.136.250 - - [25/Aug/2021:23:50:00 +0900] "GET /detail/%EB%AF%BC%EC%A3%BC/ HTTP/1.1" 200 2365 "https://king.m1n9.kro.kr/articles/" "Mozilla/5.0 (iPhone; CPU iPhone OS 14_7_1 like Mac OS X) AppleWebKit/605.1.15 (KHTML, like Gecko) Mobile/15E148 KAKAOTALK 9.4.6"
172.30.1.254 - - [25/Aug/2021:23:50:06 +0900] "GET / HTTP/1.1" 302 0 "-" "Mozilla/5.0 (iPhone; CPU iPhone OS 14_7_1 like Mac OS X) AppleWebKit/605.1.15 (KHTML, like Gecko) Mobile/15E148 KAKAOTALK 9.4.6"
172.30.1.254 - - [25/Aug/2021:23:50:06 +0900] "GET /articles/ HTTP/1.1" 200 2191 "-" "Mozilla/5.0 (iPhone; CPU iPhone OS 14_7_1 like Mac OS X) AppleWebKit/605.1.15 (KHTML, like Gecko) Mobile/15E148 KAKAOTALK 9.4.6"
172.30.1.254 - - [25/Aug/2021:23:50:26 +0900] "GET / HTTP/1.1" 302 0 "-" "Mozilla/5.0 (Macintosh; Intel Mac OS X 10_15_7) AppleWebKit/537.36 (KHTML, like Gecko) Chrome/92.0.4515.159 Safari/537.36"
172.30.1.254 - - [25/Aug/2021:23:50:26 +0900] "GET /articles/ HTTP/1.1" 200 2159 "-" "Mozilla/5.0 (Macintosh; Intel Mac OS X 10_15_7) AppleWebKit/537.36 (KHTML, like Gecko) Chrome/92.0.4515.159 Safari/537.36"
211.36.136.250 - - [25/Aug/2021:23:50:27 +0900] "GET / HTTP/1.1" 302 0 "-" "Mozilla/5.0 (iPhone; CPU iPhone OS 14_7_1 like Mac OS X) AppleWebKit/605.1.15 (KHTML, like Gecko) Mobile/15E148 KAKAOTALK 9.4.6"
211.36.136.250 - - [25/Aug/2021:23:50:27 +0900] "GET /articles/ HTTP/1.1" 200 2191 "-" "Mozilla/5.0 (iPhone; CPU iPhone OS 14_7_1 like Mac OS X) AppleWebKit/605.1.15 (KHTML, like Gecko) Mobile/15E148 KAKAOTALK 9.4.6"
172.30.1.254 - - [25/Aug/2021:23:50:28 +0900] "GET /logout/ HTTP/1.1" 302 0 "https://king.m1n9.kro.kr/articles/" "Mozilla/5.0 (Macintosh; Intel Mac OS X 10_15_7) AppleWebKit/537.36 (KHTML, like Gecko) Chrome/92.0.4515.159 Safari/537.36"
172.30.1.254 - - [25/Aug/2021:23:50:28 +0900] "GET / HTTP/1.1" 302 0 "https://king.m1n9.kro.kr/articles/" "Mozilla/5.0 (Macintosh; Intel Mac OS X 10_15_7) AppleWebKit/537.36 (KHTML, like Gecko) Chrome/92.0.4515.159 Safari/537.36"
172.30.1.254 - - [25/Aug/2021:23:50:28 +0900] "GET /articles/ HTTP/1.1" 200 2191 "https://king.m1n9.kro.kr/articles/" "Mozilla/5.0 (Macintosh; Intel Mac OS X 10_15_7) AppleWebKit/537.36 (KHTML, like Gecko) Chrome/92.0.4515.159 Safari/537.36"
211.36.136.250 - - [25/Aug/2021:23:50:41 +0900] "GET / HTTP/1.1" 302 0 "-" "Mozilla/5.0 (iPhone; CPU iPhone OS 14_7_1 like Mac OS X) AppleWebKit/605.1.15 (KHTML, like Gecko) Mobile/15E148 KAKAOTALK 9.4.6"
211.36.136.250 - - [25/Aug/2021:23:50:41 +0900] "GET /articles/ HTTP/1.1" 200 2191 "-" "Mozilla/5.0 (iPhone; CPU iPhone OS 14_7_1 like Mac OS X) AppleWebKit/605.1.15 (KHTML, like Gecko) Mobile/15E148 KAKAOTALK 9.4.6"
172.30.1.254 - - [25/Aug/2021:23:51:15 +0900] "POST /login/ HTTP/1.1" 302 0 "https://king.m1n9.kro.kr/articles/" "Mozilla/5.0 (Macintosh; Intel Mac OS X 10_15_7) AppleWebKit/537.36 (KHTML, like Gecko) Chrome/92.0.4515.159 Safari/537.36"
172.30.1.254 - - [25/Aug/2021:23:51:15 +0900] "GET / HTTP/1.1" 302 0 "https://king.m1n9.kro.kr/articles/" "Mozilla/5.0 (Macintosh; Intel Mac OS X 10_15_7) AppleWebKit/537.36 (KHTML, like Gecko) Chrome/92.0.4515.159 Safari/537.36"
172.30.1.254 - - [25/Aug/2021:23:51:15 +0900] "GET /articles/ HTTP/1.1" 200 2159 "https://king.m1n9.kro.kr/articles/" "Mozilla/5.0 (Macintosh; Intel Mac OS X 10_15_7) AppleWebKit/537.36 (KHTML, like Gecko) Chrome/92.0.4515.159 Safari/537.36"
172.30.1.254 - - [25/Aug/2021:23:51:17 +0900] "GET /ex00/add-img/ HTTP/1.1" 200 759 "https://king.m1n9.kro.kr/articles/" "Mozilla/5.0 (Macintosh; Intel Mac OS X 10_15_7) AppleWebKit/537.36 (KHTML, like Gecko) Chrome/92.0.4515.159 Safari/537.36"
211.36.136.250 - - [25/Aug/2021:23:51:38 +0900] "GET /ex00/add-img/ HTTP/1.1" 200 759 "-" "Mozilla/5.0 (iPhone; CPU iPhone OS 14_7_1 like Mac OS X) AppleWebKit/605.1.15 (KHTML, like Gecko) Mobile/15E148 KAKAOTALK 9.4.6"
211.36.136.250 - - [25/Aug/2021:23:51:38 +0900] "GET /static/images/background.jpeg HTTP/1.1" 200 105669 "https://king.m1n9.kro.kr/ex00/add-img/" "Mozilla/5.0 (iPhone; CPU iPhone OS 14_7_1 like Mac OS X) AppleWebKit/605.1.15 (KHTML, like Gecko) Mobile/15E148 KAKAOTALK 9.4.6"
172.30.1.254 - - [25/Aug/2021:23:51:43 +0900] "GET /ex00/add-img/ HTTP/1.1" 200 759 "-" "Mozilla/5.0 (Macintosh; Intel Mac OS X 10_15_7) AppleWebKit/537.36 (KHTML, like Gecko) Chrome/92.0.4515.159 Safari/537.36"
211.36.136.250 - - [25/Aug/2021:23:51:50 +0900] "GET /ex00/add-img/ HTTP/1.1" 200 759 "-" "Mozilla/5.0 (iPhone; CPU iPhone OS 14_7_1 like Mac OS X) AppleWebKit/605.1.15 (KHTML, like Gecko) Mobile/15E148 KAKAOTALK 9.4.6"
211.36.136.250 - - [25/Aug/2021:23:52:12 +0900] "GET /ex00/add-img/ HTTP/1.1" 200 759 "-" "Mozilla/5.0 (iPhone; CPU iPhone OS 14_7_1 like Mac OS X) AppleWebKit/605.1.15 (KHTML, like Gecko) Mobile/15E148 KAKAOTALK 9.4.6"
211.36.136.250 - - [25/Aug/2021:23:52:36 +0900] "POST /ex00/add-img/ HTTP/1.1" 400 0 "https://king.m1n9.kro.kr/ex00/add-img/" "Mozilla/5.0 (iPhone; CPU iPhone OS 14_7_1 like Mac OS X) AppleWebKit/605.1.15 (KHTML, like Gecko) Mobile/15E148 KAKAOTALK 9.4.6"
211.36.136.250 - - [25/Aug/2021:23:52:38 +0900] "POST /ex00/add-img/ HTTP/1.1" 400 0 "https://king.m1n9.kro.kr/ex00/add-img/" "Mozilla/5.0 (iPhone; CPU iPhone OS 14_7_1 like Mac OS X) AppleWebKit/605.1.15 (KHTML, like Gecko) Mobile/15E148 KAKAOTALK 9.4.6"
211.36.136.250 - - [25/Aug/2021:23:52:39 +0900] "POST /ex00/add-img/ HTTP/1.1" 302 0 "https://king.m1n9.kro.kr/ex00/add-img/" "Mozilla/5.0 (iPhone; CPU iPhone OS 14_7_1 like Mac OS X) AppleWebKit/605.1.15 (KHTML, like Gecko) Mobile/15E148 KAKAOTALK 9.4.6"
211.36.136.250 - - [25/Aug/2021:23:52:39 +0900] "GET / HTTP/1.1" 302 0 "https://king.m1n9.kro.kr/ex00/add-img/" "Mozilla/5.0 (iPhone; CPU iPhone OS 14_7_1 like Mac OS X) AppleWebKit/605.1.15 (KHTML, like Gecko) Mobile/15E148 KAKAOTALK 9.4.6"
211.36.136.250 - - [25/Aug/2021:23:52:40 +0900] "GET /articles/ HTTP/1.1" 200 2191 "https://king.m1n9.kro.kr/ex00/add-img/" "Mozilla/5.0 (iPhone; CPU iPhone OS 14_7_1 like Mac OS X) AppleWebKit/605.1.15 (KHTML, like Gecko) Mobile/15E148 KAKAOTALK 9.4.6"
172.30.1.254 - - [25/Aug/2021:23:52:40 +0900] "GET /ex00/show-imgs/ HTTP/1.1" 200 276 "-" "Mozilla/5.0 (Macintosh; Intel Mac OS X 10_15_7) AppleWebKit/537.36 (KHTML, like Gecko) Chrome/92.0.4515.159 Safari/537.36"
172.30.1.254 - - [25/Aug/2021:23:52:40 +0900] "GET /media/photo/2021/08/25/3D971CAD-D203-448E-8753-600AB218AD40.jpeg HTTP/1.1" 200 1731854 "https://king.m1n9.kro.kr/ex00/show-imgs/" "Mozilla/5.0 (Macintosh; Intel Mac OS X 10_15_7) AppleWebKit/537.36 (KHTML, like Gecko) Chrome/92.0.4515.159 Safari/537.36"
211.36.136.250 - - [25/Aug/2021:23:52:43 +0900] "GET /ex00/add-img/ HTTP/1.1" 200 759 "-" "Mozilla/5.0 (iPhone; CPU iPhone OS 14_7_1 like Mac OS X) AppleWebKit/605.1.15 (KHTML, like Gecko) Mobile/15E148 KAKAOTALK 9.4.6"
211.36.136.250 - - [25/Aug/2021:23:52:52 +0900] "GET /ex00/add-img/ HTTP/1.1" 200 759 "-" "Mozilla/5.0 (iPhone; CPU iPhone OS 14_7_1 like Mac OS X) AppleWebKit/605.1.15 (KHTML, like Gecko) Mobile/15E148 KAKAOTALK 9.4.6"
220.64.102.3 - - [25/Aug/2021:23:53:42 +0900] "GET /ex00/show-imgs/ HTTP/1.1" 200 276 "-" "facebookexternalhit/1.1; kakaotalk-scrap/1.0; +https://devtalk.kakao.com/t/scrap/33984"
220.64.100.249 - - [25/Aug/2021:23:53:42 +0900] "GET /ex00/show-imgs/ HTTP/1.1" 200 276 "-" "facebookexternalhit/1.1; kakaotalk-scrap/1.0; +https://devtalk.kakao.com/t/scrap/33984"
211.231.106.33 - - [25/Aug/2021:23:53:43 +0900] "GET /media/photo/2021/08/25/3D971CAD-D203-448E-8753-600AB218AD40.jpeg HTTP/1.1" 200 1731854 "https://king.m1n9.kro.kr/media/photo/2021/08/25/3D971CAD-D203-448E-8753-600AB218AD40.jpeg" "Mozilla/5.0 (Windows NT 10.0; Win64; x64) AppleWebKit/537.36 (KHTML, like Gecko) Chrome/86.0.4240.75 Safari/537.36"
211.36.136.250 - - [25/Aug/2021:23:53:45 +0900] "GET /ex00/show-imgs/ HTTP/1.1" 200 276 "-" "Mozilla/5.0 (iPhone; CPU iPhone OS 14_7_1 like Mac OS X) AppleWebKit/605.1.15 (KHTML, like Gecko) Mobile/15E148 KAKAOTALK 9.4.6"
211.36.136.250 - - [25/Aug/2021:23:53:45 +0900] "GET /media/photo/2021/08/25/3D971CAD-D203-448E-8753-600AB218AD40.jpeg HTTP/1.1" 200 1731854 "https://king.m1n9.kro.kr/ex00/show-imgs/" "Mozilla/5.0 (iPhone; CPU iPhone OS 14_7_1 like Mac OS X) AppleWebKit/605.1.15 (KHTML, like Gecko) Mobile/15E148 KAKAOTALK 9.4.6"
211.36.136.250 - - [25/Aug/2021:23:53:48 +0900] "GET /ex00/show-imgs/ HTTP/1.1" 200 276 "-" "Mozilla/5.0 (iPhone; CPU iPhone OS 14_7_1 like Mac OS X) AppleWebKit/605.1.15 (KHTML, like Gecko) Mobile/15E148 KAKAOTALK 9.4.6"
172.30.1.254 - - [25/Aug/2021:23:54:38 +0900] "GET /ex00/show-imgs/ HTTP/1.1" 200 276 "-" "Mozilla/5.0 (Macintosh; Intel Mac OS X 10_15_7) AppleWebKit/537.36 (KHTML, like Gecko) Chrome/92.0.4515.159 Safari/537.36"
172.30.1.254 - - [25/Aug/2021:23:54:38 +0900] "GET /media/photo/2021/08/25/3D971CAD-D203-448E-8753-600AB218AD40.jpeg HTTP/1.1" 404 555 "https://king.m1n9.kro.kr/ex00/show-imgs/" "Mozilla/5.0 (Macintosh; Intel Mac OS X 10_15_7) AppleWebKit/537.36 (KHTML, like Gecko) Chrome/92.0.4515.159 Safari/537.36"
172.30.1.254 - - [25/Aug/2021:23:54:38 +0900] "GET /static/images/background.jpeg HTTP/1.1" 200 105669 "https://king.m1n9.kro.kr/ex00/show-imgs/" "Mozilla/5.0 (Macintosh; Intel Mac OS X 10_15_7) AppleWebKit/537.36 (KHTML, like Gecko) Chrome/92.0.4515.159 Safari/537.36"
172.30.1.254 - - [25/Aug/2021:23:54:38 +0900] "GET /favicon.ico HTTP/1.1" 404 4117 "https://king.m1n9.kro.kr/ex00/show-imgs/" "Mozilla/5.0 (Macintosh; Intel Mac OS X 10_15_7) AppleWebKit/537.36 (KHTML, like Gecko) Chrome/92.0.4515.159 Safari/537.36"
172.30.1.254 - - [25/Aug/2021:23:54:38 +0900] "GET /ex00/show-imgs/ HTTP/1.1" 200 276 "-" "Mozilla/5.0 (Macintosh; Intel Mac OS X 10_15_7) AppleWebKit/537.36 (KHTML, like Gecko) Chrome/92.0.4515.159 Safari/537.36"
172.30.1.254 - - [25/Aug/2021:23:54:38 +0900] "GET /media/photo/2021/08/25/3D971CAD-D203-448E-8753-600AB218AD40.jpeg HTTP/1.1" 404 555 "https://king.m1n9.kro.kr/ex00/show-imgs/" "Mozilla/5.0 (Macintosh; Intel Mac OS X 10_15_7) AppleWebKit/537.36 (KHTML, like Gecko) Chrome/92.0.4515.159 Safari/537.36"
172.30.1.254 - - [25/Aug/2021:23:54:38 +0900] "GET /static/images/background.jpeg HTTP/1.1" 200 105669 "https://king.m1n9.kro.kr/ex00/show-imgs/" "Mozilla/5.0 (Macintosh; Intel Mac OS X 10_15_7) AppleWebKit/537.36 (KHTML, like Gecko) Chrome/92.0.4515.159 Safari/537.36"
172.30.1.254 - - [25/Aug/2021:23:54:38 +0900] "GET /favicon.ico HTTP/1.1" 404 4117 "https://king.m1n9.kro.kr/ex00/show-imgs/" "Mozilla/5.0 (Macintosh; Intel Mac OS X 10_15_7) AppleWebKit/537.36 (KHTML, like Gecko) Chrome/92.0.4515.159 Safari/537.36"
172.30.1.254 - - [25/Aug/2021:23:55:51 +0900] "GET /ex00/show-imgs/ HTTP/1.1" 200 276 "-" "Mozilla/5.0 (Macintosh; Intel Mac OS X 10_15_7) AppleWebKit/537.36 (KHTML, like Gecko) Chrome/92.0.4515.159 Safari/537.36"
172.30.1.254 - - [25/Aug/2021:23:55:51 +0900] "GET /media/photo/2021/08/25/3D971CAD-D203-448E-8753-600AB218AD40.jpeg HTTP/1.1" 404 555 "https://king.m1n9.kro.kr/ex00/show-imgs/" "Mozilla/5.0 (Macintosh; Intel Mac OS X 10_15_7) AppleWebKit/537.36 (KHTML, like Gecko) Chrome/92.0.4515.159 Safari/537.36"
172.30.1.254 - - [25/Aug/2021:23:55:51 +0900] "GET /static/images/background.jpeg HTTP/1.1" 200 105669 "https://king.m1n9.kro.kr/ex00/show-imgs/" "Mozilla/5.0 (Macintosh; Intel Mac OS X 10_15_7) AppleWebKit/537.36 (KHTML, like Gecko) Chrome/92.0.4515.159 Safari/537.36"
172.30.1.254 - - [25/Aug/2021:23:55:51 +0900] "GET /favicon.ico HTTP/1.1" 404 4117 "https://king.m1n9.kro.kr/ex00/show-imgs/" "Mozilla/5.0 (Macintosh; Intel Mac OS X 10_15_7) AppleWebKit/537.36 (KHTML, like Gecko) Chrome/92.0.4515.159 Safari/537.36"
172.30.1.254 - - [25/Aug/2021:23:55:52 +0900] "GET /ex00/show-imgs/ HTTP/1.1" 200 276 "-" "Mozilla/5.0 (Macintosh; Intel Mac OS X 10_15_7) AppleWebKit/537.36 (KHTML, like Gecko) Chrome/92.0.4515.159 Safari/537.36"
172.30.1.254 - - [25/Aug/2021:23:55:52 +0900] "GET /media/photo/2021/08/25/3D971CAD-D203-448E-8753-600AB218AD40.jpeg HTTP/1.1" 404 555 "https://king.m1n9.kro.kr/ex00/show-imgs/" "Mozilla/5.0 (Macintosh; Intel Mac OS X 10_15_7) AppleWebKit/537.36 (KHTML, like Gecko) Chrome/92.0.4515.159 Safari/537.36"
172.30.1.254 - - [25/Aug/2021:23:55:52 +0900] "GET /static/images/background.jpeg HTTP/1.1" 200 105669 "https://king.m1n9.kro.kr/ex00/show-imgs/" "Mozilla/5.0 (Macintosh; Intel Mac OS X 10_15_7) AppleWebKit/537.36 (KHTML, like Gecko) Chrome/92.0.4515.159 Safari/537.36"
172.30.1.254 - - [25/Aug/2021:23:55:52 +0900] "GET /favicon.ico HTTP/1.1" 404 4117 "https://king.m1n9.kro.kr/ex00/show-imgs/" "Mozilla/5.0 (Macintosh; Intel Mac OS X 10_15_7) AppleWebKit/537.36 (KHTML, like Gecko) Chrome/92.0.4515.159 Safari/537.36"
172.30.1.254 - - [25/Aug/2021:23:55:52 +0900] "GET /ex00/show-imgs/ HTTP/1.1" 200 276 "-" "Mozilla/5.0 (Macintosh; Intel Mac OS X 10_15_7) AppleWebKit/537.36 (KHTML, like Gecko) Chrome/92.0.4515.159 Safari/537.36"
172.30.1.254 - - [25/Aug/2021:23:55:52 +0900] "GET /media/photo/2021/08/25/3D971CAD-D203-448E-8753-600AB218AD40.jpeg HTTP/1.1" 404 555 "https://king.m1n9.kro.kr/ex00/show-imgs/" "Mozilla/5.0 (Macintosh; Intel Mac OS X 10_15_7) AppleWebKit/537.36 (KHTML, like Gecko) Chrome/92.0.4515.159 Safari/537.36"
172.30.1.254 - - [25/Aug/2021:23:55:52 +0900] "GET /static/images/background.jpeg HTTP/1.1" 200 105669 "https://king.m1n9.kro.kr/ex00/show-imgs/" "Mozilla/5.0 (Macintosh; Intel Mac OS X 10_15_7) AppleWebKit/537.36 (KHTML, like Gecko) Chrome/92.0.4515.159 Safari/537.36"
172.30.1.254 - - [25/Aug/2021:23:55:52 +0900] "GET /favicon.ico HTTP/1.1" 404 4117 "https://king.m1n9.kro.kr/ex00/show-imgs/" "Mozilla/5.0 (Macintosh; Intel Mac OS X 10_15_7) AppleWebKit/537.36 (KHTML, like Gecko) Chrome/92.0.4515.159 Safari/537.36"
172.30.1.254 - - [25/Aug/2021:23:55:52 +0900] "GET /ex00/show-imgs/ HTTP/1.1" 200 276 "-" "Mozilla/5.0 (Macintosh; Intel Mac OS X 10_15_7) AppleWebKit/537.36 (KHTML, like Gecko) Chrome/92.0.4515.159 Safari/537.36"
172.30.1.254 - - [25/Aug/2021:23:55:52 +0900] "GET /media/photo/2021/08/25/3D971CAD-D203-448E-8753-600AB218AD40.jpeg HTTP/1.1" 404 555 "https://king.m1n9.kro.kr/ex00/show-imgs/" "Mozilla/5.0 (Macintosh; Intel Mac OS X 10_15_7) AppleWebKit/537.36 (KHTML, like Gecko) Chrome/92.0.4515.159 Safari/537.36"
172.30.1.254 - - [25/Aug/2021:23:55:52 +0900] "GET /static/images/background.jpeg HTTP/1.1" 200 105669 "https://king.m1n9.kro.kr/ex00/show-imgs/" "Mozilla/5.0 (Macintosh; Intel Mac OS X 10_15_7) AppleWebKit/537.36 (KHTML, like Gecko) Chrome/92.0.4515.159 Safari/537.36"
172.30.1.254 - - [25/Aug/2021:23:55:52 +0900] "GET /favicon.ico HTTP/1.1" 404 4117 "https://king.m1n9.kro.kr/ex00/show-imgs/" "Mozilla/5.0 (Macintosh; Intel Mac OS X 10_15_7) AppleWebKit/537.36 (KHTML, like Gecko) Chrome/92.0.4515.159 Safari/537.36"
172.30.1.254 - - [25/Aug/2021:23:55:52 +0900] "GET /ex00/show-imgs/ HTTP/1.1" 200 276 "-" "Mozilla/5.0 (Macintosh; Intel Mac OS X 10_15_7) AppleWebKit/537.36 (KHTML, like Gecko) Chrome/92.0.4515.159 Safari/537.36"
172.30.1.254 - - [25/Aug/2021:23:55:53 +0900] "GET /media/photo/2021/08/25/3D971CAD-D203-448E-8753-600AB218AD40.jpeg HTTP/1.1" 404 555 "https://king.m1n9.kro.kr/ex00/show-imgs/" "Mozilla/5.0 (Macintosh; Intel Mac OS X 10_15_7) AppleWebKit/537.36 (KHTML, like Gecko) Chrome/92.0.4515.159 Safari/537.36"
172.30.1.254 - - [25/Aug/2021:23:55:53 +0900] "GET /ex00/show-imgs/ HTTP/1.1" 200 276 "-" "Mozilla/5.0 (Macintosh; Intel Mac OS X 10_15_7) AppleWebKit/537.36 (KHTML, like Gecko) Chrome/92.0.4515.159 Safari/537.36"
172.30.1.254 - - [25/Aug/2021:23:55:53 +0900] "GET /media/photo/2021/08/25/3D971CAD-D203-448E-8753-600AB218AD40.jpeg HTTP/1.1" 404 555 "https://king.m1n9.kro.kr/ex00/show-imgs/" "Mozilla/5.0 (Macintosh; Intel Mac OS X 10_15_7) AppleWebKit/537.36 (KHTML, like Gecko) Chrome/92.0.4515.159 Safari/537.36"
172.30.1.254 - - [25/Aug/2021:23:55:54 +0900] "GET /ex00/add-img/ HTTP/1.1" 200 759 "-" "Mozilla/5.0 (Macintosh; Intel Mac OS X 10_15_7) AppleWebKit/537.36 (KHTML, like Gecko) Chrome/92.0.4515.159 Safari/537.36"
172.30.1.254 - - [25/Aug/2021:23:55:55 +0900] "GET /ex00/add-img/ HTTP/1.1" 200 759 "-" "Mozilla/5.0 (Macintosh; Intel Mac OS X 10_15_7) AppleWebKit/537.36 (KHTML, like Gecko) Chrome/92.0.4515.159 Safari/537.36"
172.30.1.254 - - [25/Aug/2021:23:56:01 +0900] "GET /articles/ HTTP/1.1" 200 2160 "https://king.m1n9.kro.kr/detail/%EB%AF%BC%EC%A3%BC%EC%95%BC/" "Mozilla/5.0 (Macintosh; Intel Mac OS X 10_15_7) AppleWebKit/537.36 (KHTML, like Gecko) Chrome/92.0.4515.159 Safari/537.36"
172.30.1.254 - - [25/Aug/2021:23:56:01 +0900] "GET /articles/ HTTP/1.1" 200 2160 "https://king.m1n9.kro.kr/detail/%EB%AF%BC%EC%A3%BC%EC%95%BC/" "Mozilla/5.0 (Macintosh; Intel Mac OS X 10_15_7) AppleWebKit/537.36 (KHTML, like Gecko) Chrome/92.0.4515.159 Safari/537.36"
172.30.1.254 - - [25/Aug/2021:23:56:01 +0900] "GET /favicon.ico HTTP/1.1" 404 4117 "https://king.m1n9.kro.kr/articles/" "Mozilla/5.0 (Macintosh; Intel Mac OS X 10_15_7) AppleWebKit/537.36 (KHTML, like Gecko) Chrome/92.0.4515.159 Safari/537.36"
172.30.1.254 - - [25/Aug/2021:23:56:03 +0900] "GET /logout/ HTTP/1.1" 302 0 "https://king.m1n9.kro.kr/articles/" "Mozilla/5.0 (Macintosh; Intel Mac OS X 10_15_7) AppleWebKit/537.36 (KHTML, like Gecko) Chrome/92.0.4515.159 Safari/537.36"
172.30.1.254 - - [25/Aug/2021:23:56:03 +0900] "GET / HTTP/1.1" 302 0 "https://king.m1n9.kro.kr/articles/" "Mozilla/5.0 (Macintosh; Intel Mac OS X 10_15_7) AppleWebKit/537.36 (KHTML, like Gecko) Chrome/92.0.4515.159 Safari/537.36"
172.30.1.254 - - [25/Aug/2021:23:56:03 +0900] "GET /articles/ HTTP/1.1" 200 2192 "https://king.m1n9.kro.kr/articles/" "Mozilla/5.0 (Macintosh; Intel Mac OS X 10_15_7) AppleWebKit/537.36 (KHTML, like Gecko) Chrome/92.0.4515.159 Safari/537.36"
172.30.1.254 - - [25/Aug/2021:23:56:06 +0900] "GET /register/ HTTP/1.1" 200 3180 "https://king.m1n9.kro.kr/articles/" "Mozilla/5.0 (Macintosh; Intel Mac OS X 10_15_7) AppleWebKit/537.36 (KHTML, like Gecko) Chrome/92.0.4515.159 Safari/537.36"
